// Jest Snapshot v1, https://goo.gl/fbAQLP

exports[`<Layout /> should render the heading 1`] = `
<section
  class=""
>
  <h1>
    Layout
  </h1>
</section>
`;
